// Jest Snapshot v1, https://goo.gl/fbAQLP

exports[`Show time should render 1`] = `ShallowWrapper {}`;
